15
11.000000
15.500000
15.500000
4.500000
99.500000